// Jest Snapshot v1, https://goo.gl/fbAQLP

exports[`Season should render 1`] = `
<div
  style={
    Object {
      "width": "100%",
    }
  }
>
  <div
    style={
      Object {
        "marginBottom": "8px",
      }
    }
  >
    <div>
      <WithStyles(Typography)
        gutterBottom={true}
      >
        episodes: 
        13
      </WithStyles(Typography)>
    </div>
    <WithStyles(Typography)
      gutterBottom={true}
    >
      No summary
    </WithStyles(Typography)>
    <WithStyles(Divider) />
  </div>
  <MasonryComponent
    className=""
    disableImagesLoaded={false}
    elementType="div"
    enableResizableChildren={false}
    imagesLoadedOptions={Object {}}
    onLayoutComplete={[Function]}
    onRemoveComplete={[Function]}
    options={
      Object {
        "horizontalOrder": true,
      }
    }
    updateOnEachImageLoad={false}
  >
    <div
      className="col"
      key="1-0"
      style={
        Object {
          "zIndex": 500,
        }
      }
    >
      <WithStyles(Episode)
        handleExpandCb={[Function]}
        item={
          Object {
            "id": 1,
          }
        }
        show={Object {}}
        showActions={false}
      />
    </div>
  </MasonryComponent>
</div>
`;
